Weekly Image Emailer started...
Images found: 2
Renamed: Bonthu_Sasivardhan_04_13_2026_04_19_2026.jpeg -> Bonthu_Sasivardhan_04_13_2026_04_19_2026.jpeg
Renamed: Bonthu_Sasivardhan_04_20_2026_04_26_2026.jpeg -> Bonthu_Sasivardhan_04_20_2026_04_26_2026.jpeg
PDF created: Bonthu_Sasivardhan_04_13_2026_04_19_2026.pdf
PDF created: Bonthu_Sasivardhan_04_20_2026_04_26_2026.pdf
Email sent successfully to Sasivardhan - bonthusasivardhan15@gmail.com
Email sent successfully to Bonthu - bonthusasivardhan9@gmail.com
Process completed successfully.
Weekly Image Emailer started...
Images found: 2
Renamed: Bonthu_Sasivardhan_04_13_2026_04_19_2026.jpeg -> Bonthu_Sasivardhan_04_13_2026_04_19_2026.jpeg
Renamed: Bonthu_Sasivardhan_04_20_2026_04_26_2026.jpeg -> Bonthu_Sasivardhan_04_20_2026_04_26_2026.jpeg
PDF created: Bonthu_Sasivardhan_04_13_2026_04_19_2026.pdf
PDF created: Bonthu_Sasivardhan_04_20_2026_04_26_2026.pdf
Email sent successfully to Sasivardhan - bonthusasivardhan15@gmail.com
Email sent successfully to Bonthu - bonthusasivardhan9@gmail.com
Moved to backup: Bonthu_Sasivardhan_04_13_2026_04_19_2026.jpeg
Moved to backup: Bonthu_Sasivardhan_04_20_2026_04_26_2026.jpeg
Process completed successfully.
